<dataset>
    <accounts email="email@email.com"
              nickname="john"/>
</dataset>